#
# A fatal error has been detected by the Java Runtime Environment:
#
#  EXCEPTION_UNCAUGHT_CXX_EXCEPTION (0xe06d7363) at pc=0x00007ffde3b39e08, pid=15508, tid=16244
#
# JRE version: OpenJDK Runtime Environment JBR-11.0.13.7-1751.19-jcef (11.0.13+7) (build 11.0.13+7-b1751.19)
# Java VM: OpenJDK 64-Bit Server VM JBR-11.0.13.7-1751.19-jcef (11.0.13+7-b1751.19, mixed mode, tiered, compressed oops, g1 gc, windows-amd64)
# Problematic frame:
# C  [KERNELBASE.dll+0x69e08]
#
# No core dump will be written. Minidumps are not enabled by default on client versions of Windows
#
# If you would like to submit a bug report, please visit:
#   https://bugreport.java.com/bugreport/crash.jsp
#

---------------  S U M M A R Y ------------

Command Line: git4idea.http.GitAskPassApp Username for 'https://github.com': 

Host: Intel(R) Pentium(R) CPU  N3540  @ 2.16GHz, 4 cores, 7G,  Windows 10 , 64 bit Build 15063 (10.0.15063.0)
Time: Sat Mar 22 17:47:22 2025 RTZ 2 (ceia) elapsed time: 0.190700 seconds (0d 0h 0m 0s)

---------------  T H R E A D  ---------------

Current thread (0x00000112a6067000):  JavaThread "main" [_thread_in_vm, id=16244, stack(0x0000000e79000000,0x0000000e79100000)]

Stack: [0x0000000e79000000,0x0000000e79100000],  sp=0x0000000e790fdd50,  free space=1015k
Native frames: (J=compiled Java code, j=interpreted, Vv=VM code, C=native code)
C  [KERNELBASE.dll+0x69e08]
C  [VCRUNTIME140.dll+0x4462]
C  [jimage.dll+0x32df]

Java frames: (J=compiled Java code, j=interpreted, Vv=VM code)
j  java.lang.ClassLoader.<init>(Ljava/lang/Void;Ljava/lang/String;Ljava/lang/ClassLoader;)V+5 java.base
j  java.lang.ClassLoader.<init>(Ljava/lang/String;Ljava/lang/ClassLoader;)V+7 java.base
j  java.security.SecureClassLoader.<init>(Ljava/lang/String;Ljava/lang/ClassLoader;)V+3 java.base
j  jdk.internal.loader.BuiltinClassLoader.<init>(Ljava/lang/String;Ljdk/internal/loader/BuiltinClassLoader;Ljdk/internal/loader/URLClassPath;)V+18 java.base
j  jdk.internal.loader.ClassLoaders$BootClassLoader.<init>(Ljdk/internal/loader/URLClassPath;)V+4 java.base
j  jdk.internal.loader.ClassLoaders.<clinit>()V+40 java.base
v  ~StubRoutines::call_stub
j  jdk.internal.loader.BootLoader.loadModule(Ljava/lang/module/ModuleReference;)V+0 java.base
j  jdk.internal.module.ModuleBootstrap.boot()Ljava/lang/ModuleLayer;+341 java.base
j  java.lang.System.initPhase2(ZZ)I+0 java.base
v  ~StubRoutines::call_stub

siginfo: EXCEPTION_UNCAUGHT_CXX_EXCEPTION (0xe06d7363), ExceptionInformation=0x0000000019930520 0x0000000e790fded0 0x00007ffde12c5028 0x00007ffde12c0000 


Register to memory mapping:

RIP=0x00007ffde3b39e08 KERNELBASE.dll
RAX=0x00007ffdae808571 jvm.dll
RBX=0x000000000000483b is an unknown value
RCX=0x0000000e790fd980 is pointing into the stack for thread: 0x00000112a6067000
RDX=0x0000000e790fdb20 is pointing into the stack for thread: 0x00000112a6067000
RSP=0x0000000e790fdd50 is pointing into the stack for thread: 0x00000112a6067000
RBP=0x0000000e790fde90 is pointing into the stack for thread: 0x00000112a6067000
RSI=0x00007ffde12c5028 jimage.dll
RDI=0x00000112a93f2292 points into unknown readable memory: fa fa fe ca 83 1e
R8 ={method} {0x00000112bff8a970} 'eq' '(Ljava/lang/Object;Ljava/lang/Object;)Z' in 'java/util/WeakHashMap'
R9 =0x00000112a6067000 is a thread
R10=0x0000000e790fd920 is pointing into the stack for thread: 0x00000112a6067000
R11=0x0 is NULL
R12=0x000000000000483b is an unknown value
R13=0x00000112a60734c0 points into unknown readable memory: 0x00007ffdaeb81468 | 68 14 b8 ae fd 7f 00 00
R14=0x0000000e790fded0 is pointing into the stack for thread: 0x00000112a6067000
R15=0x00000112c06b2530 points into unknown readable memory: 0x0000000000000000 | 00 00 00 00 00 00 00 00


Registers:
RAX=0x00007ffdae808571, RBX=0x000000000000483b, RCX=0x0000000e790fd980, RDX=0x0000000e790fdb20
RSP=0x0000000e790fdd50, RBP=0x0000000e790fde90, RSI=0x00007ffde12c5028, RDI=0x00000112a93f2292
R8 =0x00000112bff8a968, R9 =0x00000112a6067000, R10=0x0000000e790fd920, R11=0x0000000000000000
R12=0x000000000000483b, R13=0x00000112a60734c0, R14=0x0000000e790fded0, R15=0x00000112c06b2530
RIP=0x00007ffde3b39e08, EFLAGS=0x0000000000000202

Top of Stack: (sp=0x0000000e790fdd50)
0x0000000e790fdd50:   00000000000003ff 000000000000483b
0x0000000e790fdd60:   00007ffde12c5028 00000112a93f2292
0x0000000e790fdd70:   00000001e06d7363 0000000000000000
0x0000000e790fdd80:   00007ffde3b39e08 0000000000000004
0x0000000e790fdd90:   0000000019930520 0000000e790fded0
0x0000000e790fdda0:   00007ffde12c5028 00007ffde12c0000
0x0000000e790fddb0:   0000000e790fded0 000000000000483b
0x0000000e790fddc0:   00000112a93f2292 00007ffde12c5028
0x0000000e790fddd0:   0000000e790fde90 00007ffde696ba23
0x0000000e790fdde0:   0000000e790fdeb0 0000011200000000
0x0000000e790fddf0:   00000112a6067000 0000000000000000
0x0000000e790fde00:   00007ffde12c7000 00007ffde12c0000
0x0000000e790fde10:   0000ff91853ac11e 00007ffde69aa680
0x0000000e790fde20:   000000000000483b 00007ffdd1254462
0x0000000e790fde30:   00000112a60679d0 00000112bfdd8778
0x0000000e790fde40:   00000112a6067000 00007ffde69aa680 

Instructions: (pc=0x00007ffde3b39e08)
0x00007ffde3b39d08:   83 c4 28 c3 cc cc cc cc cc cc cc cc cc cc cc cc
0x00007ffde3b39d18:   cc cc cc cc cc cc cc cc 48 89 5c 24 08 57 48 83
0x00007ffde3b39d28:   ec 20 48 8b da 48 8b f9 e8 97 c1 01 00 84 c0 0f
0x00007ffde3b39d38:   84 4d b1 03 00 48 8b d3 48 8b cf ff 15 cf f6 1b
0x00007ffde3b39d48:   00 48 8b 5c 24 30 48 83 c4 20 5f c3 cc cc cc cc
0x00007ffde3b39d58:   cc cc cc cc cc cc cc cc 48 89 5c 24 08 57 48 83
0x00007ffde3b39d68:   ec 20 48 8b da 8b f9 e8 58 c1 01 00 84 c0 74 16
0x00007ffde3b39d78:   48 8b d3 8b cf ff 15 75 f6 1b 00 48 8b 5c 24 30
0x00007ffde3b39d88:   48 83 c4 20 5f c3 b8 01 00 00 00 eb ee cc cc cc
0x00007ffde3b39d98:   cc cc cc cc cc cc cc cc 48 81 ec d8 00 00 00 48
0x00007ffde3b39da8:   8b 05 1a d2 1a 00 48 33 c4 48 89 84 24 c0 00 00
0x00007ffde3b39db8:   00 48 83 64 24 28 00 48 8d 05 da ff ff ff 83 e2
0x00007ffde3b39dc8:   01 89 4c 24 20 89 54 24 24 48 89 44 24 30 4d 85
0x00007ffde3b39dd8:   c9 74 45 b8 0f 00 00 00 48 8d 4c 24 40 44 3b c0
0x00007ffde3b39de8:   49 8b d1 44 0f 47 c0 44 89 44 24 38 49 c1 e0 03
0x00007ffde3b39df8:   e8 2b db 01 00 48 8d 4c 24 20 ff 15 50 c7 0f 00
0x00007ffde3b39e08:   48 8b 8c 24 c0 00 00 00 48 33 cc e8 88 b0 01 00
0x00007ffde3b39e18:   48 81 c4 d8 00 00 00 c3 83 64 24 38 00 eb d6 cc
0x00007ffde3b39e28:   cc cc cc cc cc cc cc cc 48 89 5c 24 08 48 89 6c
0x00007ffde3b39e38:   24 10 48 89 74 24 18 57 48 83 ec 40 49 8b d9 49
0x00007ffde3b39e48:   8b f8 48 8b f2 8b e9 e8 78 c0 01 00 84 c0 0f 84
0x00007ffde3b39e58:   56 b0 03 00 48 8b 84 24 80 00 00 00 4c 8b cb 48
0x00007ffde3b39e68:   89 44 24 30 4c 8b c7 48 8b 44 24 78 48 8b d6 48
0x00007ffde3b39e78:   89 44 24 28 8b cd 48 8b 44 24 70 48 89 44 24 20
0x00007ffde3b39e88:   ff 15 72 f5 1b 00 48 8b 5c 24 50 48 8b 6c 24 58
0x00007ffde3b39e98:   48 8b 74 24 60 48 83 c4 40 5f c3 cc cc cc cc cc
0x00007ffde3b39ea8:   cc cc cc cc cc cc cc cc 48 89 5c 24 08 48 89 74
0x00007ffde3b39eb8:   24 10 57 48 83 ec 40 48 83 21 00 49 8b f9 49 8b
0x00007ffde3b39ec8:   f0 4c 8b d2 48 8b d9 48 85 d2 74 4a 8b 84 24 80
0x00007ffde3b39ed8:   00 00 00 4c 8b cf 89 44 24 30 4c 8b c6 8b 44 24
0x00007ffde3b39ee8:   78 48 8b d3 89 44 24 28 49 8b ca 8b 44 24 70 89
0x00007ffde3b39ef8:   44 24 20 ff 15 7f cf 0f 00 85 c0 0f 88 bb af 03 


Stack slot to memory mapping:
stack at sp + 0 slots: 0x00000000000003ff is an unknown value
stack at sp + 1 slots: 0x000000000000483b is an unknown value
stack at sp + 2 slots: 0x00007ffde12c5028 jimage.dll
stack at sp + 3 slots: 0x00000112a93f2292 points into unknown readable memory: fa fa fe ca 83 1e
stack at sp + 4 slots: 0x00000001e06d7363 is an unknown value
stack at sp + 5 slots: 0x0 is NULL
stack at sp + 6 slots: 0x00007ffde3b39e08 KERNELBASE.dll
stack at sp + 7 slots: 0x0000000000000004 is an unknown value


---------------  P R O C E S S  ---------------

Threads class SMR info:
_java_thread_list=0x00000112bfce89a0, length=9, elements={
0x00000112a6067000, 0x00000112bfca4800, 0x00000112bfcc8800, 0x00000112c0633000,
0x00000112bfce9800, 0x00000112bfcea800, 0x00000112bfcee000, 0x00000112bfcf2000,
0x00000112bfcf7800
}

Java Threads: ( => current thread )
=>0x00000112a6067000 JavaThread "main" [_thread_in_vm, id=16244, stack(0x0000000e79000000,0x0000000e79100000)]
  0x00000112bfca4800 JavaThread "Reference Handler" daemon [_thread_blocked, id=11760, stack(0x0000000e79700000,0x0000000e79800000)]
  0x00000112bfcc8800 JavaThread "Finalizer" daemon [_thread_blocked, id=4836, stack(0x0000000e79800000,0x0000000e79900000)]
  0x00000112c0633000 JavaThread "Signal Dispatcher" daemon [_thread_blocked, id=11684, stack(0x0000000e79900000,0x0000000e79a00000)]
  0x00000112bfce9800 JavaThread "Attach Listener" daemon [_thread_blocked, id=3224, stack(0x0000000e79a00000,0x0000000e79b00000)]
  0x00000112bfcea800 JavaThread "Service Thread" daemon [_thread_blocked, id=14884, stack(0x0000000e79b00000,0x0000000e79c00000)]
  0x00000112bfcee000 JavaThread "C2 CompilerThread0" daemon [_thread_blocked, id=11064, stack(0x0000000e79c00000,0x0000000e79d00000)]
  0x00000112bfcf2000 JavaThread "C1 CompilerThread0" daemon [_thread_blocked, id=15284, stack(0x0000000e79d00000,0x0000000e79e00000)]
  0x00000112bfcf7800 JavaThread "Sweeper thread" daemon [_thread_blocked, id=12752, stack(0x0000000e79e00000,0x0000000e79f00000)]

Other Threads:
  0x00000112bfca2800 VMThread "VM Thread" [stack: 0x0000000e79600000,0x0000000e79700000] [id=14464]
  0x00000112a6081800 GCTaskThread "GC Thread#0" [stack: 0x0000000e79100000,0x0000000e79200000] [id=6624]
  0x00000112a60b4000 ConcurrentGCThread "G1 Main Marker" [stack: 0x0000000e79200000,0x0000000e79300000] [id=11144]
  0x00000112a60b6800 ConcurrentGCThread "G1 Conc#0" [stack: 0x0000000e79300000,0x0000000e79400000] [id=13932]
  0x00000112bfb10800 ConcurrentGCThread "G1 Refine#0" [stack: 0x0000000e79400000,0x0000000e79500000] [id=5152]
  0x00000112bfb11000 ConcurrentGCThread "G1 Young RemSet Sampling" [stack: 0x0000000e79500000,0x0000000e79600000] [id=11328]

Threads with active compile tasks:

VM state:not at safepoint (normal execution)

VM Mutex/Monitor currently owned by a thread: None

Heap address: 0x0000000081c00000, size: 2020 MB, Compressed Oops mode: 32-bit
Narrow klass base: 0x0000000000000000, Narrow klass shift: 3
Compressed class space size: 1073741824 Address: 0x0000000100000000

Heap:
 garbage-first heap   total 131072K, used 0K [0x0000000081c00000, 0x0000000100000000)
  region size 1024K, 1 young (1024K), 0 survivors (0K)
 Metaspace       used 2865K, capacity 4480K, committed 4480K, reserved 1056768K
  class space    used 238K, capacity 384K, committed 384K, reserved 1048576K
Heap Regions: E=young(eden), S=young(survivor), O=old, HS=humongous(starts), HC=humongous(continues), CS=collection set, F=free, A=archive, TAMS=top-at-mark-start (previous, next)
|   0|0x0000000081c00000, 0x0000000081c00000, 0x0000000081d00000|  0%| F|  |TAMS 0x0000000081c00000, 0x0000000081c00000| Untracked 
|   1|0x0000000081d00000, 0x0000000081d00000, 0x0000000081e00000|  0%| F|  |TAMS 0x0000000081d00000, 0x0000000081d00000| Untracked 
|   2|0x0000000081e00000, 0x0000000081e00000, 0x0000000081f00000|  0%| F|  |TAMS 0x0000000081e00000, 0x0000000081e00000| Untracked 
|   3|0x0000000081f00000, 0x0000000081f00000, 0x0000000082000000|  0%| F|  |TAMS 0x0000000081f00000, 0x0000000081f00000| Untracked 
|   4|0x0000000082000000, 0x0000000082000000, 0x0000000082100000|  0%| F|  |TAMS 0x0000000082000000, 0x0000000082000000| Untracked 
|   5|0x0000000082100000, 0x0000000082100000, 0x0000000082200000|  0%| F|  |TAMS 0x0000000082100000, 0x0000000082100000| Untracked 
|   6|0x0000000082200000, 0x0000000082200000, 0x0000000082300000|  0%| F|  |TAMS 0x0000000082200000, 0x0000000082200000| Untracked 
|   7|0x0000000082300000, 0x0000000082300000, 0x0000000082400000|  0%| F|  |TAMS 0x0000000082300000, 0x0000000082300000| Untracked 
|   8|0x0000000082400000, 0x0000000082400000, 0x0000000082500000|  0%| F|  |TAMS 0x0000000082400000, 0x0000000082400000| Untracked 
|   9|0x0000000082500000, 0x0000000082500000, 0x0000000082600000|  0%| F|  |TAMS 0x0000000082500000, 0x0000000082500000| Untracked 
|  10|0x0000000082600000, 0x0000000082600000, 0x0000000082700000|  0%| F|  |TAMS 0x0000000082600000, 0x0000000082600000| Untracked 
|  11|0x0000000082700000, 0x0000000082700000, 0x0000000082800000|  0%| F|  |TAMS 0x0000000082700000, 0x0000000082700000| Untracked 
|  12|0x0000000082800000, 0x0000000082800000, 0x0000000082900000|  0%| F|  |TAMS 0x0000000082800000, 0x0000000082800000| Untracked 
|  13|0x0000000082900000, 0x0000000082900000, 0x0000000082a00000|  0%| F|  |TAMS 0x0000000082900000, 0x0000000082900000| Untracked 
|  14|0x0000000082a00000, 0x0000000082a00000, 0x0000000082b00000|  0%| F|  |TAMS 0x0000000082a00000, 0x0000000082a00000| Untracked 
|  15|0x0000000082b00000, 0x0000000082b00000, 0x0000000082c00000|  0%| F|  |TAMS 0x0000000082b00000, 0x0000000082b00000| Untracked 
|  16|0x0000000082c00000, 0x0000000082c00000, 0x0000000082d00000|  0%| F|  |TAMS 0x0000000082c00000, 0x0000000082c00000| Untracked 
|  17|0x0000000082d00000, 0x0000000082d00000, 0x0000000082e00000|  0%| F|  |TAMS 0x0000000082d00000, 0x0000000082d00000| Untracked 
|  18|0x0000000082e00000, 0x0000000082e00000, 0x0000000082f00000|  0%| F|  |TAMS 0x0000000082e00000, 0x0000000082e00000| Untracked 
|  19|0x0000000082f00000, 0x0000000082f00000, 0x0000000083000000|  0%| F|  |TAMS 0x0000000082f00000, 0x0000000082f00000| Untracked 
|  20|0x0000000083000000, 0x0000000083000000, 0x0000000083100000|  0%| F|  |TAMS 0x0000000083000000, 0x0000000083000000| Untracked 
|  21|0x0000000083100000, 0x0000000083100000, 0x0000000083200000|  0%| F|  |TAMS 0x0000000083100000, 0x0000000083100000| Untracked 
|  22|0x0000000083200000, 0x0000000083200000, 0x0000000083300000|  0%| F|  |TAMS 0x0000000083200000, 0x0000000083200000| Untracked 
|  23|0x0000000083300000, 0x0000000083300000, 0x0000000083400000|  0%| F|  |TAMS 0x0000000083300000, 0x0000000083300000| Untracked 
|  24|0x0000000083400000, 0x0000000083400000, 0x0000000083500000|  0%| F|  |TAMS 0x0000000083400000, 0x0000000083400000| Untracked 
|  25|0x0000000083500000, 0x0000000083500000, 0x0000000083600000|  0%| F|  |TAMS 0x0000000083500000, 0x0000000083500000| Untracked 
|  26|0x0000000083600000, 0x0000000083600000, 0x0000000083700000|  0%| F|  |TAMS 0x0000000083600000, 0x0000000083600000| Untracked 
|  27|0x0000000083700000, 0x0000000083700000, 0x0000000083800000|  0%| F|  |TAMS 0x0000000083700000, 0x0000000083700000| Untracked 
|  28|0x0000000083800000, 0x0000000083800000, 0x0000000083900000|  0%| F|  |TAMS 0x0000000083800000, 0x0000000083800000| Untracked 
|  29|0x0000000083900000, 0x0000000083900000, 0x0000000083a00000|  0%| F|  |TAMS 0x0000000083900000, 0x0000000083900000| Untracked 
|  30|0x0000000083a00000, 0x0000000083a00000, 0x0000000083b00000|  0%| F|  |TAMS 0x0000000083a00000, 0x0000000083a00000| Untracked 
|  31|0x0000000083b00000, 0x0000000083b00000, 0x0000000083c00000|  0%| F|  |TAMS 0x0000000083b00000, 0x0000000083b00000| Untracked 
|  32|0x0000000083c00000, 0x0000000083c00000, 0x0000000083d00000|  0%| F|  |TAMS 0x0000000083c00000, 0x0000000083c00000| Untracked 
|  33|0x0000000083d00000, 0x0000000083d00000, 0x0000000083e00000|  0%| F|  |TAMS 0x0000000083d00000, 0x0000000083d00000| Untracked 
|  34|0x0000000083e00000, 0x0000000083e00000, 0x0000000083f00000|  0%| F|  |TAMS 0x0000000083e00000, 0x0000000083e00000| Untracked 
|  35|0x0000000083f00000, 0x0000000083f00000, 0x0000000084000000|  0%| F|  |TAMS 0x0000000083f00000, 0x0000000083f00000| Untracked 
|  36|0x0000000084000000, 0x0000000084000000, 0x0000000084100000|  0%| F|  |TAMS 0x0000000084000000, 0x0000000084000000| Untracked 
|  37|0x0000000084100000, 0x0000000084100000, 0x0000000084200000|  0%| F|  |TAMS 0x0000000084100000, 0x0000000084100000| Untracked 
|  38|0x0000000084200000, 0x0000000084200000, 0x0000000084300000|  0%| F|  |TAMS 0x0000000084200000, 0x0000000084200000| Untracked 
|  39|0x0000000084300000, 0x0000000084300000, 0x0000000084400000|  0%| F|  |TAMS 0x0000000084300000, 0x0000000084300000| Untracked 
|  40|0x0000000084400000, 0x0000000084400000, 0x0000000084500000|  0%| F|  |TAMS 0x0000000084400000, 0x0000000084400000| Untracked 
|  41|0x0000000084500000, 0x0000000084500000, 0x0000000084600000|  0%| F|  |TAMS 0x0000000084500000, 0x0000000084500000| Untracked 
|  42|0x0000000084600000, 0x0000000084600000, 0x0000000084700000|  0%| F|  |TAMS 0x0000000084600000, 0x0000000084600000| Untracked 
|  43|0x0000000084700000, 0x0000000084700000, 0x0000000084800000|  0%| F|  |TAMS 0x0000000084700000, 0x0000000084700000| Untracked 
|  44|0x0000000084800000, 0x0000000084800000, 0x0000000084900000|  0%| F|  |TAMS 0x0000000084800000, 0x0000000084800000| Untracked 
|  45|0x0000000084900000, 0x0000000084900000, 0x0000000084a00000|  0%| F|  |TAMS 0x0000000084900000, 0x0000000084900000| Untracked 
|  46|0x0000000084a00000, 0x0000000084a00000, 0x0000000084b00000|  0%| F|  |TAMS 0x0000000084a00000, 0x0000000084a00000| Untracked 
|  47|0x0000000084b00000, 0x0000000084b00000, 0x0000000084c00000|  0%| F|  |TAMS 0x0000000084b00000, 0x0000000084b00000| Untracked 
|  48|0x0000000084c00000, 0x0000000084c00000, 0x0000000084d00000|  0%| F|  |TAMS 0x0000000084c00000, 0x0000000084c00000| Untracked 
|  49|0x0000000084d00000, 0x0000000084d00000, 0x0000000084e00000|  0%| F|  |TAMS 0x0000000084d00000, 0x0000000084d00000| Untracked 
|  50|0x0000000084e00000, 0x0000000084e00000, 0x0000000084f00000|  0%| F|  |TAMS 0x0000000084e00000, 0x0000000084e00000| Untracked 
|  51|0x0000000084f00000, 0x0000000084f00000, 0x0000000085000000|  0%| F|  |TAMS 0x0000000084f00000, 0x0000000084f00000| Untracked 
|  52|0x0000000085000000, 0x0000000085000000, 0x0000000085100000|  0%| F|  |TAMS 0x0000000085000000, 0x0000000085000000| Untracked 
|  53|0x0000000085100000, 0x0000000085100000, 0x0000000085200000|  0%| F|  |TAMS 0x0000000085100000, 0x0000000085100000| Untracked 
|  54|0x0000000085200000, 0x0000000085200000, 0x0000000085300000|  0%| F|  |TAMS 0x0000000085200000, 0x0000000085200000| Untracked 
|  55|0x0000000085300000, 0x0000000085300000, 0x0000000085400000|  0%| F|  |TAMS 0x0000000085300000, 0x0000000085300000| Untracked 
|  56|0x0000000085400000, 0x0000000085400000, 0x0000000085500000|  0%| F|  |TAMS 0x0000000085400000, 0x0000000085400000| Untracked 
|  57|0x0000000085500000, 0x0000000085500000, 0x0000000085600000|  0%| F|  |TAMS 0x0000000085500000, 0x0000000085500000| Untracked 
|  58|0x0000000085600000, 0x0000000085600000, 0x0000000085700000|  0%| F|  |TAMS 0x0000000085600000, 0x0000000085600000| Untracked 
|  59|0x0000000085700000, 0x0000000085700000, 0x0000000085800000|  0%| F|  |TAMS 0x0000000085700000, 0x0000000085700000| Untracked 
|  60|0x0000000085800000, 0x0000000085800000, 0x0000000085900000|  0%| F|  |TAMS 0x0000000085800000, 0x0000000085800000| Untracked 
|  61|0x0000000085900000, 0x0000000085900000, 0x0000000085a00000|  0%| F|  |TAMS 0x0000000085900000, 0x0000000085900000| Untracked 
|  62|0x0000000085a00000, 0x0000000085a00000, 0x0000000085b00000|  0%| F|  |TAMS 0x0000000085a00000, 0x0000000085a00000| Untracked 
|  63|0x0000000085b00000, 0x0000000085b00000, 0x0000000085c00000|  0%| F|  |TAMS 0x0000000085b00000, 0x0000000085b00000| Untracked 
|  64|0x0000000085c00000, 0x0000000085c00000, 0x0000000085d00000|  0%| F|  |TAMS 0x0000000085c00000, 0x0000000085c00000| Untracked 
|  65|0x0000000085d00000, 0x0000000085d00000, 0x0000000085e00000|  0%| F|  |TAMS 0x0000000085d00000, 0x0000000085d00000| Untracked 
|  66|0x0000000085e00000, 0x0000000085e00000, 0x0000000085f00000|  0%| F|  |TAMS 0x0000000085e00000, 0x0000000085e00000| Untracked 
|  67|0x0000000085f00000, 0x0000000085f00000, 0x0000000086000000|  0%| F|  |TAMS 0x0000000085f00000, 0x0000000085f00000| Untracked 
|  68|0x0000000086000000, 0x0000000086000000, 0x0000000086100000|  0%| F|  |TAMS 0x0000000086000000, 0x0000000086000000| Untracked 
|  69|0x0000000086100000, 0x0000000086100000, 0x0000000086200000|  0%| F|  |TAMS 0x0000000086100000, 0x0000000086100000| Untracked 
|  70|0x0000000086200000, 0x0000000086200000, 0x0000000086300000|  0%| F|  |TAMS 0x0000000086200000, 0x0000000086200000| Untracked 
|  71|0x0000000086300000, 0x0000000086300000, 0x0000000086400000|  0%| F|  |TAMS 0x0000000086300000, 0x0000000086300000| Untracked 
|  72|0x0000000086400000, 0x0000000086400000, 0x0000000086500000|  0%| F|  |TAMS 0x0000000086400000, 0x0000000086400000| Untracked 
|  73|0x0000000086500000, 0x0000000086500000, 0x0000000086600000|  0%| F|  |TAMS 0x0000000086500000, 0x0000000086500000| Untracked 
|  74|0x0000000086600000, 0x0000000086600000, 0x0000000086700000|  0%| F|  |TAMS 0x0000000086600000, 0x0000000086600000| Untracked 
|  75|0x0000000086700000, 0x0000000086700000, 0x0000000086800000|  0%| F|  |TAMS 0x0000000086700000, 0x0000000086700000| Untracked 
|  76|0x0000000086800000, 0x0000000086800000, 0x0000000086900000|  0%| F|  |TAMS 0x0000000086800000, 0x0000000086800000| Untracked 
|  77|0x0000000086900000, 0x0000000086900000, 0x0000000086a00000|  0%| F|  |TAMS 0x0000000086900000, 0x0000000086900000| Untracked 
|  78|0x0000000086a00000, 0x0000000086a00000, 0x0000000086b00000|  0%| F|  |TAMS 0x0000000086a00000, 0x0000000086a00000| Untracked 
|  79|0x0000000086b00000, 0x0000000086b00000, 0x0000000086c00000|  0%| F|  |TAMS 0x0000000086b00000, 0x0000000086b00000| Untracked 
|  80|0x0000000086c00000, 0x0000000086c00000, 0x0000000086d00000|  0%| F|  |TAMS 0x0000000086c00000, 0x0000000086c00000| Untracked 
|  81|0x0000000086d00000, 0x0000000086d00000, 0x0000000086e00000|  0%| F|  |TAMS 0x0000000086d00000, 0x0000000086d00000| Untracked 
|  82|0x0000000086e00000, 0x0000000086e00000, 0x0000000086f00000|  0%| F|  |TAMS 0x0000000086e00000, 0x0000000086e00000| Untracked 
|  83|0x0000000086f00000, 0x0000000086f00000, 0x0000000087000000|  0%| F|  |TAMS 0x0000000086f00000, 0x0000000086f00000| Untracked 
|  84|0x0000000087000000, 0x0000000087000000, 0x0000000087100000|  0%| F|  |TAMS 0x0000000087000000, 0x0000000087000000| Untracked 
|  85|0x0000000087100000, 0x0000000087100000, 0x0000000087200000|  0%| F|  |TAMS 0x0000000087100000, 0x0000000087100000| Untracked 
|  86|0x0000000087200000, 0x0000000087200000, 0x0000000087300000|  0%| F|  |TAMS 0x0000000087200000, 0x0000000087200000| Untracked 
|  87|0x0000000087300000, 0x0000000087300000, 0x0000000087400000|  0%| F|  |TAMS 0x0000000087300000, 0x0000000087300000| Untracked 
|  88|0x0000000087400000, 0x0000000087400000, 0x0000000087500000|  0%| F|  |TAMS 0x0000000087400000, 0x0000000087400000| Untracked 
|  89|0x0000000087500000, 0x0000000087500000, 0x0000000087600000|  0%| F|  |TAMS 0x0000000087500000, 0x0000000087500000| Untracked 
|  90|0x0000000087600000, 0x0000000087600000, 0x0000000087700000|  0%| F|  |TAMS 0x0000000087600000, 0x0000000087600000| Untracked 
|  91|0x0000000087700000, 0x0000000087700000, 0x0000000087800000|  0%| F|  |TAMS 0x0000000087700000, 0x0000000087700000| Untracked 
|  92|0x0000000087800000, 0x0000000087800000, 0x0000000087900000|  0%| F|  |TAMS 0x0000000087800000, 0x0000000087800000| Untracked 
|  93|0x0000000087900000, 0x0000000087900000, 0x0000000087a00000|  0%| F|  |TAMS 0x0000000087900000, 0x0000000087900000| Untracked 
|  94|0x0000000087a00000, 0x0000000087a00000, 0x0000000087b00000|  0%| F|  |TAMS 0x0000000087a00000, 0x0000000087a00000| Untracked 
|  95|0x0000000087b00000, 0x0000000087b00000, 0x0000000087c00000|  0%| F|  |TAMS 0x0000000087b00000, 0x0000000087b00000| Untracked 
|  96|0x0000000087c00000, 0x0000000087c00000, 0x0000000087d00000|  0%| F|  |TAMS 0x0000000087c00000, 0x0000000087c00000| Untracked 
|  97|0x0000000087d00000, 0x0000000087d00000, 0x0000000087e00000|  0%| F|  |TAMS 0x0000000087d00000, 0x0000000087d00000| Untracked 
|  98|0x0000000087e00000, 0x0000000087e00000, 0x0000000087f00000|  0%| F|  |TAMS 0x0000000087e00000, 0x0000000087e00000| Untracked 
|  99|0x0000000087f00000, 0x0000000087f00000, 0x0000000088000000|  0%| F|  |TAMS 0x0000000087f00000, 0x0000000087f00000| Untracked 
| 100|0x0000000088000000, 0x0000000088000000, 0x0000000088100000|  0%| F|  |TAMS 0x0000000088000000, 0x0000000088000000| Untracked 
| 101|0x0000000088100000, 0x0000000088100000, 0x0000000088200000|  0%| F|  |TAMS 0x0000000088100000, 0x0000000088100000| Untracked 
| 102|0x0000000088200000, 0x0000000088200000, 0x0000000088300000|  0%| F|  |TAMS 0x0000000088200000, 0x0000000088200000| Untracked 
| 103|0x0000000088300000, 0x0000000088300000, 0x0000000088400000|  0%| F|  |TAMS 0x0000000088300000, 0x0000000088300000| Untracked 
| 104|0x0000000088400000, 0x0000000088400000, 0x0000000088500000|  0%| F|  |TAMS 0x0000000088400000, 0x0000000088400000| Untracked 
| 105|0x0000000088500000, 0x0000000088500000, 0x0000000088600000|  0%| F|  |TAMS 0x0000000088500000, 0x0000000088500000| Untracked 
| 106|0x0000000088600000, 0x0000000088600000, 0x0000000088700000|  0%| F|  |TAMS 0x0000000088600000, 0x0000000088600000| Untracked 
| 107|0x0000000088700000, 0x0000000088700000, 0x0000000088800000|  0%| F|  |TAMS 0x0000000088700000, 0x0000000088700000| Untracked 
| 108|0x0000000088800000, 0x0000000088800000, 0x0000000088900000|  0%| F|  |TAMS 0x0000000088800000, 0x0000000088800000| Untracked 
| 109|0x0000000088900000, 0x0000000088900000, 0x0000000088a00000|  0%| F|  |TAMS 0x0000000088900000, 0x0000000088900000| Untracked 
| 110|0x0000000088a00000, 0x0000000088a00000, 0x0000000088b00000|  0%| F|  |TAMS 0x0000000088a00000, 0x0000000088a00000| Untracked 
| 111|0x0000000088b00000, 0x0000000088b00000, 0x0000000088c00000|  0%| F|  |TAMS 0x0000000088b00000, 0x0000000088b00000| Untracked 
| 112|0x0000000088c00000, 0x0000000088c00000, 0x0000000088d00000|  0%| F|  |TAMS 0x0000000088c00000, 0x0000000088c00000| Untracked 
| 113|0x0000000088d00000, 0x0000000088d00000, 0x0000000088e00000|  0%| F|  |TAMS 0x0000000088d00000, 0x0000000088d00000| Untracked 
| 114|0x0000000088e00000, 0x0000000088e00000, 0x0000000088f00000|  0%| F|  |TAMS 0x0000000088e00000, 0x0000000088e00000| Untracked 
| 115|0x0000000088f00000, 0x0000000088f00000, 0x0000000089000000|  0%| F|  |TAMS 0x0000000088f00000, 0x0000000088f00000| Untracked 
| 116|0x0000000089000000, 0x0000000089000000, 0x0000000089100000|  0%| F|  |TAMS 0x0000000089000000, 0x0000000089000000| Untracked 
| 117|0x0000000089100000, 0x0000000089100000, 0x0000000089200000|  0%| F|  |TAMS 0x0000000089100000, 0x0000000089100000| Untracked 
| 118|0x0000000089200000, 0x0000000089200000, 0x0000000089300000|  0%| F|  |TAMS 0x0000000089200000, 0x0000000089200000| Untracked 
| 119|0x0000000089300000, 0x0000000089300000, 0x0000000089400000|  0%| F|  |TAMS 0x0000000089300000, 0x0000000089300000| Untracked 
| 120|0x0000000089400000, 0x0000000089400000, 0x0000000089500000|  0%| F|  |TAMS 0x0000000089400000, 0x0000000089400000| Untracked 
| 121|0x0000000089500000, 0x0000000089500000, 0x0000000089600000|  0%| F|  |TAMS 0x0000000089500000, 0x0000000089500000| Untracked 
| 122|0x0000000089600000, 0x0000000089600000, 0x0000000089700000|  0%| F|  |TAMS 0x0000000089600000, 0x0000000089600000| Untracked 
| 123|0x0000000089700000, 0x0000000089700000, 0x0000000089800000|  0%| F|  |TAMS 0x0000000089700000, 0x0000000089700000| Untracked 
| 124|0x0000000089800000, 0x0000000089800000, 0x0000000089900000|  0%| F|  |TAMS 0x0000000089800000, 0x0000000089800000| Untracked 
| 125|0x0000000089900000, 0x0000000089900000, 0x0000000089a00000|  0%| F|  |TAMS 0x0000000089900000, 0x0000000089900000| Untracked 
| 126|0x0000000089a00000, 0x0000000089a00000, 0x0000000089b00000|  0%| F|  |TAMS 0x0000000089a00000, 0x0000000089a00000| Untracked 
| 127|0x0000000089b00000, 0x0000000089bd7188, 0x0000000089c00000| 84%| E|  |TAMS 0x0000000089b00000, 0x0000000089b00000| Complete 

Card table byte_map: [0x00000112b90b0000,0x00000112b94b0000] _byte_map_base: 0x00000112b8ca2000

Marking Bits (Prev, Next): (CMBitMap*) 0x00000112a60ab6e8, (CMBitMap*) 0x00000112a60ab720
 Prev Bits: [0x00000112b98b0000, 0x00000112bb840000)
 Next Bits: [0x00000112bb840000, 0x00000112bd7d0000)

Polling page: 0x00000112a3ee0000

Metaspace:

Usage:
  Non-class:      4.00 MB capacity,     2.57 MB ( 64%) used,     1.43 MB ( 36%) free+waste,    64 bytes ( <1%) overhead. 
      Class:    384.00 KB capacity,   238.54 KB ( 62%) used,   145.40 KB ( 38%) free+waste,    64 bytes ( <1%) overhead. 
       Both:      4.38 MB capacity,     2.80 MB ( 64%) used,     1.58 MB ( 36%) free+waste,   128 bytes ( <1%) overhead. 

Virtual space:
  Non-class space:        8.00 MB reserved,       4.00 MB ( 50%) committed 
      Class space:        1.00 GB reserved,     384.00 KB ( <1%) committed 
             Both:        1.01 GB reserved,       4.38 MB ( <1%) committed 

Chunk freelists:
   Non-Class:  0 bytes
       Class:  0 bytes
        Both:  0 bytes

MaxMetaspaceSize: 17179869184.00 GB
CompressedClassSpaceSize: 1.00 GB
Initial GC threshold: 20.80 MB
Current GC threshold: 20.80 MB
CDS: off

CodeHeap 'non-profiled nmethods': size=120064Kb used=3Kb max_used=3Kb free=120060Kb
 bounds [0x00000112b1770000, 0x00000112b19e0000, 0x00000112b8cb0000]
CodeHeap 'profiled nmethods': size=120000Kb used=31Kb max_used=31Kb free=119968Kb
 bounds [0x00000112aa240000, 0x00000112aa4b0000, 0x00000112b1770000]
CodeHeap 'non-nmethods': size=5696Kb used=1006Kb max_used=1018Kb free=4689Kb
 bounds [0x00000112a9cb0000, 0x00000112a9f20000, 0x00000112aa240000]
 total_blobs=253 nmethods=28 adapters=139
 compilation: enabled
              stopped_count=0, restarted_count=0
 full_count=0

Compilation events (20 events):
Event: 0.157 Thread 0x00000112bfcf2000   19       3       java.lang.module.ModuleDescriptor$Exports::hashCode (38 bytes)
Event: 0.157 Thread 0x00000112bfcf2000 nmethod 19 0x00000112aa246390 code [0x00000112aa246560, 0x00000112aa246848]
Event: 0.157 Thread 0x00000112bfcee000   21       4       java.lang.StringLatin1::hashCode (42 bytes)
Event: 0.157 Thread 0x00000112bfcf2000   20       3       java.util.Set::of (4 bytes)
Event: 0.157 Thread 0x00000112bfcf2000 nmethod 20 0x00000112aa246990 code [0x00000112aa246b40, 0x00000112aa246c78]
Event: 0.157 Thread 0x00000112bfcf2000   22       3       java.util.Objects::requireNonNull (14 bytes)
Event: 0.158 Thread 0x00000112bfcf2000 nmethod 22 0x00000112aa246d10 code [0x00000112aa246ee0, 0x00000112aa2470a8]
Event: 0.160 Thread 0x00000112bfcf2000   23       3       java.util.AbstractCollection::<init> (5 bytes)
Event: 0.160 Thread 0x00000112bfcf2000 nmethod 23 0x00000112aa247190 code [0x00000112aa247340, 0x00000112aa247498]
Event: 0.161 Thread 0x00000112bfcf2000   24       3       java.util.ImmutableCollections$AbstractImmutableCollection::<init> (5 bytes)
Event: 0.161 Thread 0x00000112bfcf2000 nmethod 24 0x00000112aa247590 code [0x00000112aa247740, 0x00000112aa2478f8]
Event: 0.161 Thread 0x00000112bfcf2000   25       3       java.util.ImmutableCollections$AbstractImmutableSet::<init> (5 bytes)
Event: 0.162 Thread 0x00000112bfcf2000 nmethod 25 0x00000112aa247a10 code [0x00000112aa247be0, 0x00000112aa247df8]
Event: 0.163 Thread 0x00000112bfcee000 nmethod 21 0x00000112b1770010 code [0x00000112b17701a0, 0x00000112b17702f8]
Event: 0.163 Thread 0x00000112bfcee000   26       4       java.lang.Object::<init> (1 bytes)
Event: 0.164 Thread 0x00000112bfcee000 nmethod 26 0x00000112b1770410 code [0x00000112b17705a0, 0x00000112b17705f8]
Event: 0.166 Thread 0x00000112bfcf2000   27       1       java.lang.module.ModuleDescriptor::name (5 bytes)
Event: 0.166 Thread 0x00000112bfcf2000 nmethod 27 0x00000112b1770710 code [0x00000112b17708c0, 0x00000112b1770978]
Event: 0.167 Thread 0x00000112bfcf2000   28       1       java.lang.module.ModuleReference::descriptor (5 bytes)
Event: 0.167 Thread 0x00000112bfcf2000 nmethod 28 0x00000112b1770a10 code [0x00000112b1770bc0, 0x00000112b1770c78]

GC Heap History (0 events):
No events

Deoptimization events (0 events):
No events

Classes redefined (0 events):
No events

Internal exceptions (0 events):
No events

Events (20 events):
Event: 0.168 loading class jdk/internal/loader/BootLoader done
Event: 0.168 loading class jdk/internal/module/ServicesCatalog
Event: 0.168 loading class jdk/internal/module/ServicesCatalog done
Event: 0.168 loading class jdk/internal/loader/ClassLoaderValue
Event: 0.168 loading class jdk/internal/loader/AbstractClassLoaderValue
Event: 0.168 loading class jdk/internal/loader/AbstractClassLoaderValue done
Event: 0.168 loading class jdk/internal/loader/ClassLoaderValue done
Event: 0.168 loading class jdk/internal/loader/ClassLoaders$BootClassLoader
Event: 0.169 loading class jdk/internal/loader/ClassLoaders$BootClassLoader done
Event: 0.169 loading class java/lang/ClassLoader$ParallelLoaders
Event: 0.169 loading class java/lang/ClassLoader$ParallelLoaders done
Event: 0.169 loading class java/util/WeakHashMap
Event: 0.169 loading class java/util/WeakHashMap done
Event: 0.169 loading class java/util/WeakHashMap$Entry
Event: 0.170 loading class java/util/WeakHashMap$Entry done
Event: 0.170 loading class java/util/Collections$SetFromMap
Event: 0.170 loading class java/util/Collections$SetFromMap done
Event: 0.170 loading class java/util/WeakHashMap$KeySet
Event: 0.170 loading class java/util/WeakHashMap$KeySet done
Event: 0.171 loading class java/util/Vector


Dynamic libraries:
0x00007ff687160000 - 0x00007ff68716a000 	C:\Program Files\JetBrains\WebStorm 2021.3\jbr\bin\java.exe
0x00007ffde6950000 - 0x00007ffde6b2b000 	C:\Windows\SYSTEM32\ntdll.dll
0x00007ffde6480000 - 0x00007ffde652e000 	C:\Windows\System32\KERNEL32.DLL
0x00007ffde3ad0000 - 0x00007ffde3d19000 	C:\Windows\System32\KERNELBASE.dll
0x00007ffde2e70000 - 0x00007ffde2f66000 	C:\Windows\System32\ucrtbase.dll
0x00007ffddfca0000 - 0x00007ffddfcb9000 	C:\Program Files\JetBrains\WebStorm 2021.3\jbr\bin\jli.dll
0x00007ffde4900000 - 0x00007ffde4a4a000 	C:\Windows\System32\USER32.dll
0x00007ffdd1250000 - 0x00007ffdd1267000 	C:\Program Files\JetBrains\WebStorm 2021.3\jbr\bin\VCRUNTIME140.dll
0x00007ffde2fc0000 - 0x00007ffde2fde000 	C:\Windows\System32\win32u.dll
0x00007ffde4070000 - 0x00007ffde4097000 	C:\Windows\System32\GDI32.dll
0x00007ffde3d20000 - 0x00007ffde3ea9000 	C:\Windows\System32\gdi32full.dll
0x00007ffdd4cf0000 - 0x00007ffdd4f57000 	C:\Windows\WinSxS\amd64_microsoft.windows.common-controls_6595b64144ccf1df_6.0.15063.0_none_108e4f62dfe5d999\COMCTL32.dll
0x00007ffde3980000 - 0x00007ffde3a1a000 	C:\Windows\System32\msvcp_win.dll
0x00007ffde47e0000 - 0x00007ffde487d000 	C:\Windows\System32\msvcrt.dll
0x00007ffde4bc0000 - 0x00007ffde4eb9000 	C:\Windows\System32\combase.dll
0x00007ffde3ec0000 - 0x00007ffde3fe5000 	C:\Windows\System32\RPCRT4.dll
0x00007ffde3910000 - 0x00007ffde397a000 	C:\Windows\System32\bcryptPrimitives.dll
0x00007ffde6600000 - 0x00007ffde662d000 	C:\Windows\System32\IMM32.DLL
0x00007ffdc6a20000 - 0x00007ffdc6abd000 	C:\Program Files\JetBrains\WebStorm 2021.3\jbr\bin\msvcp140.dll
0x00007ffdae300000 - 0x00007ffdaee76000 	C:\Program Files\JetBrains\WebStorm 2021.3\jbr\bin\server\jvm.dll
0x00007ffde4730000 - 0x00007ffde47d1000 	C:\Windows\System32\ADVAPI32.dll
0x00007ffde6530000 - 0x00007ffde6589000 	C:\Windows\System32\sechost.dll
0x00007ffde3eb0000 - 0x00007ffde3eb8000 	C:\Windows\System32\PSAPI.DLL
0x00007ffdddc00000 - 0x00007ffdddc09000 	C:\Windows\SYSTEM32\WSOCK32.dll
0x00007ffde6590000 - 0x00007ffde65fc000 	C:\Windows\System32\WS2_32.dll
0x00007ffde0ee0000 - 0x00007ffde0f03000 	C:\Windows\SYSTEM32\WINMM.dll
0x00007ffdd6320000 - 0x00007ffdd632a000 	C:\Windows\SYSTEM32\VERSION.dll
0x00007ffde0eb0000 - 0x00007ffde0edb000 	C:\Windows\SYSTEM32\WINMMBASE.dll
0x00007ffde2f70000 - 0x00007ffde2fb9000 	C:\Windows\System32\cfgmgr32.dll
0x00007ffde2e30000 - 0x00007ffde2e41000 	C:\Windows\System32\kernel.appcore.dll
0x00007ffddfd00000 - 0x00007ffddfd11000 	C:\Program Files\JetBrains\WebStorm 2021.3\jbr\bin\verify.dll
0x00007ffdd4710000 - 0x00007ffdd48b9000 	C:\Windows\SYSTEM32\DBGHELP.DLL
0x00007ffdd46e0000 - 0x00007ffdd4709000 	C:\Windows\SYSTEM32\dbgcore.DLL
0x00007ffddfcd0000 - 0x00007ffddfcf9000 	C:\Program Files\JetBrains\WebStorm 2021.3\jbr\bin\java.dll
0x00007ffde12c0000 - 0x00007ffde12cb000 	C:\Program Files\JetBrains\WebStorm 2021.3\jbr\bin\jimage.dll
0x00007ffddfc80000 - 0x00007ffddfc98000 	C:\Program Files\JetBrains\WebStorm 2021.3\jbr\bin\zip.dll
0x00007ffde4f20000 - 0x00007ffde6357000 	C:\Windows\System32\SHELL32.dll
0x00007ffde6630000 - 0x00007ffde66da000 	C:\Windows\System32\shcore.dll
0x00007ffde2fe0000 - 0x00007ffde36d2000 	C:\Windows\System32\windows.storage.dll
0x00007ffde4ec0000 - 0x00007ffde4f11000 	C:\Windows\System32\shlwapi.dll
0x00007ffde2de0000 - 0x00007ffde2e2c000 	C:\Windows\System32\powrprof.dll
0x00007ffde2dc0000 - 0x00007ffde2dd5000 	C:\Windows\System32\profapi.dll

dbghelp: loaded successfully - version: 4.0.5 - missing functions: none
symbol engine: initialized successfully - sym options: 0x614 - pdb path: .;C:\Program Files\JetBrains\WebStorm 2021.3\jbr\bin;C:\Windows\SYSTEM32;C:\Windows\WinSxS\amd64_microsoft.windows.common-controls_6595b64144ccf1df_6.0.15063.0_none_108e4f62dfe5d999;C:\Program Files\JetBrains\WebStorm 2021.3\jbr\bin\server

VM Arguments:
java_command: git4idea.http.GitAskPassApp Username for 'https://github.com': 
java_class_path (initial): C:/Program Files/JetBrains/WebStorm 2021.3/plugins/git4idea/lib/git4idea-rt.jar;C:/Program Files/JetBrains/WebStorm 2021.3/lib/3rd-party.jar;C:/Program Files/JetBrains/WebStorm 2021.3/lib/3rd-party-rt.jar
Launcher Type: SUN_STANDARD

[Global flags]
     intx CICompilerCount                          = 3                                         {product} {ergonomic}
     uint ConcGCThreads                            = 1                                         {product} {ergonomic}
     uint G1ConcRefinementThreads                  = 4                                         {product} {ergonomic}
   size_t G1HeapRegionSize                         = 1048576                                   {product} {ergonomic}
    uintx GCDrainStackTargetSize                   = 64                                        {product} {ergonomic}
   size_t InitialHeapSize                          = 134217728                                 {product} {ergonomic}
   size_t MarkStackSize                            = 4194304                                   {product} {ergonomic}
   size_t MaxHeapSize                              = 2118123520                                {product} {ergonomic}
   size_t MaxNewSize                               = 1270874112                                {product} {ergonomic}
   size_t MinHeapDeltaBytes                        = 1048576                                   {product} {ergonomic}
    uintx NonNMethodCodeHeapSize                   = 5830732                                {pd product} {ergonomic}
    uintx NonProfiledCodeHeapSize                  = 122913754                              {pd product} {ergonomic}
    uintx ProfiledCodeHeapSize                     = 122913754                              {pd product} {ergonomic}
    uintx ReservedCodeCacheSize                    = 251658240                              {pd product} {ergonomic}
     bool SegmentedCodeCache                       = true                                      {product} {ergonomic}
     bool UseCompressedClassPointers               = true                                 {lp64_product} {ergonomic}
     bool UseCompressedOops                        = true                                 {lp64_product} {ergonomic}
     bool UseG1GC                                  = true                                      {product} {ergonomic}
     bool UseLargePagesIndividualAllocation        = false                                  {pd product} {ergonomic}

Logging:
Log output configuration:
 #0: stdout all=warning uptime,level,tags
 #1: stderr all=off uptime,level,tags

Environment Variables:
PATH=C:/Program Files/Git/mingw64/libexec/git-core;C:/Program Files/Git/mingw64/libexec/git-core;C:\Program Files\Git\mingw64\bin;C:\Program Files\Git\usr\bin;C:\Users\Joen\bin;C:\Windows\system32;C:\Windows;C:\Windows\System32\Wbem;C:\Windows\System32\WindowsPowerShell\v1.0\;C:\Program Files (x86)\Microsoft VS Code\bin;C:\Program Files\nodejs\;C:\Program Files\Git\cmd;C:\Program Files (x86)\Common Files\Acronis\SnapAPI\;C:\Users\Joen\AppData\Local\Microsoft\WindowsApps;C:\Users\Joen\AppData\Roaming\npm
USERNAME=Joen
DISPLAY=:0.0
LC_ALL=en_US.UTF-8
OS=Windows_NT
PROCESSOR_IDENTIFIER=Intel64 Family 6 Model 55 Stepping 8, GenuineIntel



---------------  S Y S T E M  ---------------

OS: Windows 10 , 64 bit Build 15063 (10.0.15063.0)
OS uptime: 8 days 7:23 hours

CPU:total 4 (initial active 4) (4 cores per cpu, 1 threads per core) family 6 model 55 stepping 8 microcode 0x829, cmov, cx8, fxsr, mmx, sse, sse2, sse3, ssse3, sse4.1, sse4.2, popcnt, clmul, erms, 3dnowpref, tsc, tscinvbit

Memory: 4k page, system-wide physical 8073M (1988M free)
TotalPageFile size 10273M (AvailPageFile size 5M)
current process WorkingSet (physical memory assigned to process): 30M, peak: 30M
current process commit charge ("private bytes"): 193M, peak: 193M

vm_info: OpenJDK 64-Bit Server VM (11.0.13+7-b1751.19) for windows-amd64 JRE (11.0.13+7-b1751.19), built on Nov  9 2021 11:31:28 by "" with MS VC++ 14.0 (VS2015)

END.
